
=================================== ERRORS ====================================
______ ERROR collecting services/consensus_agent/tests/test_consensus.py ______
ImportError while importing test module 'C:\Users\pmfig\.gemini\antigravity\scratch\portfolio-agent-platform\services\consensus_agent\tests\test_consensus.py'.
Hint: make sure your test modules/packages have valid Python names.
Traceback:
..\..\..\..\AppData\Local\Programs\Python\Python313\Lib\importlib\__init__.py:88: in import_module
    return _bootstrap._gcd_import(name[level:], package, level)
           ^^^^^^^^^^^^^^^^^^^^^^^^^^^^^^^^^^^^^^^^^^^^^^^^^^^^
services\consensus_agent\tests\test_consensus.py:2: in <module>
    from services.consensus_agent.schema import ConsensusInput, AgentSignal
E   ModuleNotFoundError: No module named 'services'
__________ ERROR collecting services/macro_agent/tests/test_macro.py __________
ImportError while importing test module 'C:\Users\pmfig\.gemini\antigravity\scratch\portfolio-agent-platform\services\macro_agent\tests\test_macro.py'.
Hint: make sure your test modules/packages have valid Python names.
Traceback:
..\..\..\..\AppData\Local\Programs\Python\Python313\Lib\importlib\__init__.py:88: in import_module
    return _bootstrap._gcd_import(name[level:], package, level)
           ^^^^^^^^^^^^^^^^^^^^^^^^^^^^^^^^^^^^^^^^^^^^^^^^^^^^
services\macro_agent\tests\test_macro.py:2: in <module>
    from services.macro_agent.schema import MacroInput
E   ModuleNotFoundError: No module named 'services'
_________ ERROR collecting services/quant_agent/tests/test_signals.py _________
ImportError while importing test module 'C:\Users\pmfig\.gemini\antigravity\scratch\portfolio-agent-platform\services\quant_agent\tests\test_signals.py'.
Hint: make sure your test modules/packages have valid Python names.
Traceback:
..\..\..\..\AppData\Local\Programs\Python\Python313\Lib\importlib\__init__.py:88: in import_module
    return _bootstrap._gcd_import(name[level:], package, level)
           ^^^^^^^^^^^^^^^^^^^^^^^^^^^^^^^^^^^^^^^^^^^^^^^^^^^^
services\quant_agent\tests\test_signals.py:3: in <module>
    from services.quant_agent.schema import QuantInput, PricePoint
E   ModuleNotFoundError: No module named 'services'
___________ ERROR collecting services/risk_agent/tests/test_risk.py ___________
ImportError while importing test module 'C:\Users\pmfig\.gemini\antigravity\scratch\portfolio-agent-platform\services\risk_agent\tests\test_risk.py'.
Hint: make sure your test modules/packages have valid Python names.
Traceback:
..\..\..\..\AppData\Local\Programs\Python\Python313\Lib\importlib\__init__.py:88: in import_module
    return _bootstrap._gcd_import(name[level:], package, level)
           ^^^^^^^^^^^^^^^^^^^^^^^^^^^^^^^^^^^^^^^^^^^^^^^^^^^^
services\risk_agent\tests\test_risk.py:3: in <module>
    from services.risk_agent.schema import RiskInput, PricePoint
E   ModuleNotFoundError: No module named 'services'
________ ERROR collecting services/value_agent/tests/test_valuation.py ________
ImportError while importing test module 'C:\Users\pmfig\.gemini\antigravity\scratch\portfolio-agent-platform\services\value_agent\tests\test_valuation.py'.
Hint: make sure your test modules/packages have valid Python names.
Traceback:
..\..\..\..\AppData\Local\Programs\Python\Python313\Lib\importlib\__init__.py:88: in import_module
    return _bootstrap._gcd_import(name[level:], package, level)
           ^^^^^^^^^^^^^^^^^^^^^^^^^^^^^^^^^^^^^^^^^^^^^^^^^^^^
services\value_agent\tests\test_valuation.py:2: in <module>
    from services.value_agent.schema import ValuationInput
E   ModuleNotFoundError: No module named 'services'
=========================== short test summary info ===========================
ERROR services/consensus_agent/tests/test_consensus.py
ERROR services/macro_agent/tests/test_macro.py
ERROR services/quant_agent/tests/test_signals.py
ERROR services/risk_agent/tests/test_risk.py
ERROR services/value_agent/tests/test_valuation.py
!!!!!!!!!!!!!!!!!!! Interrupted: 5 errors during collection !!!!!!!!!!!!!!!!!!!
5 errors in 0.13s
